inicio 17:44:15 suite=dc04dce src=[0] tronco=967be8d [0] labeling=2026-09-15 05:49:26.192952500 -0300
### sem_livro 17:44:15
exit 0 sem_livro 17:44:30
### livro 17:44:30
exit 0 livro 17:44:46
### sabotagem_aperto 17:44:46
exit 1 sabotagem_aperto 17:44:59
### sabotagem_rodape 17:44:59
exit 1 sabotagem_rodape 17:45:11
### sabotagem_corte 17:45:11
exit 1 sabotagem_corte 17:45:24
### sabotagem_mensagem 17:45:24
exit 1 sabotagem_mensagem 17:45:37
### sabotagem_reserva 17:45:37
exit 1 sabotagem_reserva 17:45:58
### sabotagem_linha 17:45:58
exit 1 sabotagem_linha 17:46:38
### teclado foco 1280x800 17:46:38
exit 0 teclado foco 1280x800 17:47:18
### teclado foco 1248x640 17:47:19
exit 0 teclado foco 1248x640 17:47:51
### teclado foco 1280x641 17:47:51
exit 0 teclado foco 1280x641 17:48:25
### teclado classica 1280x800 17:48:25
exit 0 teclado classica 1280x800 17:48:56
### teclado classica 1248x640 17:48:57
exit 0 teclado classica 1248x640 17:49:26
### teclado classica 1280x641 17:49:26
exit 0 teclado classica 1280x641 17:49:57
### teclado fita 1280x800 17:49:57
exit 0 teclado fita 1280x800 17:50:28
### teclado fita 1248x640 17:50:28
exit 0 teclado fita 1248x640 17:51:02
### teclado fita 1280x641 17:51:02
exit 0 teclado fita 1280x641 17:51:33
TECLADODONE 17:51:33
### teclado sabotagem foco foco 1280x641 17:51:33
exit 1 teclado sabotagem foco foco 17:52:06
### teclado sabotagem tabela foco 1280x641 17:52:06
exit 1 teclado sabotagem tabela foco 17:52:41
### teclado sabotagem clique foco 1280x641 17:52:41
exit 1 teclado sabotagem clique foco 17:53:13
### teclado sabotagem guarda foco 1280x641 17:53:13
exit 1 teclado sabotagem guarda foco 17:53:50
### teclado sabotagem ponteiro foco 1280x641 17:53:50
exit 0 teclado sabotagem ponteiro foco 17:54:23
### teclado sabotagem foco classica 1280x641 17:54:23
exit 1 teclado sabotagem foco classica 17:54:59
### teclado sabotagem tabela classica 1280x641 17:54:59
exit 1 teclado sabotagem tabela classica 17:55:34
### teclado sabotagem clique classica 1280x641 17:55:34
exit 1 teclado sabotagem clique classica 17:56:06
### teclado sabotagem guarda classica 1280x641 17:56:07
exit 1 teclado sabotagem guarda classica 17:56:56
### teclado sabotagem ponteiro classica 1280x641 17:56:56
exit 1 teclado sabotagem ponteiro classica 17:57:33
### teclado sabotagem foco fita 1280x641 17:57:33
exit 1 teclado sabotagem foco fita 17:58:03
### teclado sabotagem tabela fita 1280x641 17:58:03
exit 1 teclado sabotagem tabela fita 17:58:36
### teclado sabotagem clique fita 1280x641 17:58:36
exit 1 teclado sabotagem clique fita 17:59:03
### teclado sabotagem guarda fita 1280x641 17:59:03
exit 1 teclado sabotagem guarda fita 17:59:30
### teclado sabotagem ponteiro fita 1280x641 17:59:30
exit 0 teclado sabotagem ponteiro fita 17:59:56
### teclado sabotagem ponteiro foco 1280x800 17:59:56
exit 0 teclado sabotagem ponteiro foco 1280x800 18:00:22
### teclado sabotagem ponteiro foco 1248x640 18:00:23
exit 0 teclado sabotagem ponteiro foco 1248x640 18:00:49
### teclado sabotagem ponteiro classica 1280x800 18:00:49
exit 0 teclado sabotagem ponteiro classica 1280x800 18:01:15
### teclado sabotagem ponteiro classica 1248x640 18:01:15
exit 1 teclado sabotagem ponteiro classica 1248x640 18:01:41
### teclado sabotagem ponteiro fita 1280x800 18:01:41
exit 1 teclado sabotagem ponteiro fita 1280x800 18:02:07
### teclado sabotagem ponteiro fita 1248x640 18:02:07
exit 0 teclado sabotagem ponteiro fita 1248x640 18:02:34
fim 18:02:34 suite=dc04dce src=[0] tronco=967be8d [0] labeling=2026-09-15 05:49:26.192952500 -0300
SABOTAGENSDONE
